<?xml version="1.0" encoding="UTF-8"?>
<testsuites name="Mocha Tests" time="0.064" tests="1" failures="1">
  <testsuite name="Root Suite" timestamp="2024-04-01T23:08:14" tests="0" time="0.000" failures="0">
  </testsuite>
  <testsuite name="Test login function" timestamp="2024-04-01T23:08:14" tests="1" file="C:\In\SocialPedia\server\logit_test.js" time="0.063" failures="1">
    <testcase name="Test login function &quot;before each&quot; hook for &quot;should return a token and user object for valid credentials&quot;" time="0.061" classname="&quot;before each&quot; hook for &quot;should return a token and user object for valid credentials&quot;">
      <failure message="jest is not defined" type="ReferenceError"><![CDATA[ReferenceError: jest is not defined
    at Context.<anonymous> (file:///C:/In/SocialPedia/server/logit_test.js:14:5)
    at processImmediate (node:internal/timers:466:21)]]></failure>
    </testcase>
  </testsuite>
</testsuites>